Class HelloWorld extends java/lang/Object
v.61.0
======================
ConstPool[28]:
	1: MethodRef<classInfo: 2, nameAndType: 3>
	2: ClassInfo<name: 4>
	3: NameAndType<name: 5, type: 6>
	4: String<"java/lang/Object">
	5: String<"<init>">
	6: String<"()V">
	7: FieldRef<classInfo: 8, nameAndType: 9>
	8: ClassInfo<name: 10>
	9: NameAndType<name: 11, type: 12>
	10: String<"java/lang/System">
	11: String<"out">
	12: String<"Ljava/io/PrintStream;">
	13: StringRef<stringIndex: 14>
	14: String<"Hello world">
	15: MethodRef<classInfo: 16, nameAndType: 17>
	16: ClassInfo<name: 18>
	17: NameAndType<name: 19, type: 20>
	18: String<"java/io/PrintStream">
	19: String<"println">
	20: String<"(Ljava/lang/String;)V">
	21: ClassInfo<name: 22>
	22: String<"HelloWorld">
	23: String<"Code">
	24: String<"LineNumberTable">
	25: String<"main">
	26: String<"([Ljava/lang/String;)V">
	27: String<"SourceFile">
	28: String<"HelloWorld.java">
Fields[0]:
Methods[2]:
	Method<flags: 0x01, name: <init>, descriptor: 6>
		Attribute<name: Code, data: [0, 1, 0, 1, 0, 0, 0, 5, 42, 183, 0, 1, 177, 0, 0, 0, 1, 0, 24, 0, 0, 0, 6, 0, 1, 0, 0, 0, 1]>
	Method<flags: 0x09, name: main, descriptor: 26>
		Attribute<name: Code, data: [0, 2, 0, 1, 0, 0, 0, 9, 178, 0, 7, 18, 13, 182, 0, 15, 177, 0, 0, 0, 1, 0, 24, 0, 0, 0, 10, 0, 2, 0, 0, 0, 3, 0, 8, 0, 4]>
Attributes[1]:
	Attribute<name: SourceFile, data: [0, 28]>
