Class TestFuncCall extends java/lang/Object
v.61.0
======================
ConstPool[42]:
	1: MethodRef<classInfo: 2, nameAndType: 3>
	2: ClassInfo<name: 4>
	3: NameAndType<name: 5, type: 6>
	4: String<"java/lang/Object">
	5: String<"<init>">
	6: String<"()V">
	7: FieldRef<classInfo: 8, nameAndType: 9>
	8: ClassInfo<name: 10>
	9: NameAndType<name: 11, type: 12>
	10: String<"java/lang/System">
	11: String<"out">
	12: String<"Ljava/io/PrintStream;">
	13: MethodRef<classInfo: 14, nameAndType: 15>
	14: ClassInfo<name: 16>
	15: NameAndType<name: 17, type: 18>
	16: String<"java/lang/Integer">
	17: String<"toString">
	18: String<"(I)Ljava/lang/String;">
	19: MethodRef<classInfo: 20, nameAndType: 21>
	20: ClassInfo<name: 22>
	21: NameAndType<name: 23, type: 24>
	22: String<"java/io/PrintStream">
	23: String<"println">
	24: String<"(Ljava/lang/String;)V">
	25: MethodRef<classInfo: 26, nameAndType: 27>
	26: ClassInfo<name: 28>
	27: NameAndType<name: 29, type: 30>
	28: String<"Add">
	29: String<"add">
	30: String<"(II)I">
	31: MethodRef<classInfo: 32, nameAndType: 33>
	32: ClassInfo<name: 34>
	33: NameAndType<name: 35, type: 36>
	34: String<"TestFuncCall">
	35: String<"print">
	36: String<"(I)V">
	37: String<"Code">
	38: String<"LineNumberTable">
	39: String<"main">
	40: String<"([Ljava/lang/String;)V">
	41: String<"SourceFile">
	42: String<"TestFuncCall.java">
Fields[0]:
Methods[3]:
	Method<flags: 0x01, name: <init>, descriptor: ()V>
		Attribute<name: Code, data: [0, 1, 0, 1, 0, 0, 0, 5, 42, 183, 0, 1, 177, 0, 0, 0, 1, 0, 38, 0, 0, 0, 6, 0, 1, 0, 0, 0, 1]>
	Method<flags: 0x09, name: print, descriptor: (I)V>
		Attribute<name: Code, data: [0, 2, 0, 1, 0, 0, 0, 11, 178, 0, 7, 26, 184, 0, 13, 182, 0, 19, 177, 0, 0, 0, 1, 0, 38, 0, 0, 0, 10, 0, 2, 0, 0, 0, 3, 0, 10, 0, 4]>
	Method<flags: 0x09, name: main, descriptor: ([Ljava/lang/String;)V>
		Attribute<name: Code, data: [0, 2, 0, 1, 0, 0, 0, 11, 16, 7, 16, 8, 184, 0, 25, 184, 0, 31, 177, 0, 0, 0, 1, 0, 38, 0, 0, 0, 10, 0, 2, 0, 0, 0, 7, 0, 10, 0, 8]>
Attributes[1]:
	Attribute<name: SourceFile, data: [0, 42]>
